// Jest Snapshot v1, https://goo.gl/fbAQLP

exports[`The Question Detail Component The display element Should not regress 1`] = `[Function]`;
